2025-01-24 07:39:32 - Starting GameofthreeApplication using Java 21.0.5 with PID 39756 (/Users/supriya/Downloads/JET/supriya/gameofthree/target/classes started by supriya in /Users/supriya/Downloads/JET/supriya/gameofthree)
2025-01-24 07:39:32 - No active profile set, falling back to 1 default profile: "default"
2025-01-24 07:39:33 - Bootstrapping Spring Data JPA repositories in DEFAULT mode.
2025-01-24 07:39:33 - Finished Spring Data repository scanning in 11 ms. Found 0 JPA repository interfaces.
2025-01-24 07:39:33 - Tomcat initialized with port 8080 (http)
2025-01-24 07:39:33 - Initializing ProtocolHandler ["http-nio-8080"]
2025-01-24 07:39:33 - Starting service [Tomcat]
2025-01-24 07:39:33 - Starting Servlet engine: [Apache Tomcat/10.1.34]
2025-01-24 07:39:33 - Initializing Spring embedded WebApplicationContext
2025-01-24 07:39:33 - Root WebApplicationContext: initialization completed in 844 ms
2025-01-24 07:39:33 - HikariPool-1 - Starting...
2025-01-24 07:39:33 - HikariPool-1 - Added connection conn0: url=jdbc:h2:mem:99041ac5-2db3-4377-9561-a94dc2ff95ef user=SA
2025-01-24 07:39:33 - HikariPool-1 - Start completed.
2025-01-24 07:39:33 - HHH000204: Processing PersistenceUnitInfo [name: default]
2025-01-24 07:39:33 - HHH000412: Hibernate ORM core version 6.6.4.Final
2025-01-24 07:39:33 - HHH000026: Second-level cache disabled
2025-01-24 07:39:34 - No LoadTimeWeaver setup: ignoring JPA class transformer
2025-01-24 07:39:34 - HHH10001005: Database info:
	Database JDBC URL [Connecting through datasource 'HikariDataSource (HikariPool-1)']
	Database driver: undefined/unknown
	Database version: 2.3.232
	Autocommit mode: undefined/unknown
	Isolation level: undefined/unknown
	Minimum pool size: undefined/unknown
	Maximum pool size: undefined/unknown
2025-01-24 07:39:34 - HHH000489: No JTA platform available (set 'hibernate.transaction.jta.platform' to enable JTA platform integration)
2025-01-24 07:39:34 - Initialized JPA EntityManagerFactory for persistence unit 'default'
2025-01-24 07:39:34 - spring.jpa.open-in-view is enabled by default. Therefore, database queries may be performed during view rendering. Explicitly configure spring.jpa.open-in-view to disable this warning
2025-01-24 07:39:34 - Adding welcome page: class path resource [static/index.html]
2025-01-24 07:39:35 - Starting...
2025-01-24 07:39:35 - BrokerAvailabilityEvent[available=true, SimpleBrokerMessageHandler [org.springframework.messaging.simp.broker.DefaultSubscriptionRegistry@1b5623b4]]
2025-01-24 07:39:35 - Started.
2025-01-24 07:39:35 - Starting ProtocolHandler ["http-nio-8080"]
2025-01-24 07:39:35 - Tomcat started on port 8080 (http) with context path '/'
2025-01-24 07:39:35 - Started GameofthreeApplication in 2.664 seconds (process running for 2.999)
2025-01-24 07:39:40 - Initializing Spring DispatcherServlet 'dispatcherServlet'
2025-01-24 07:39:40 - Initializing Servlet 'dispatcherServlet'
2025-01-24 07:39:40 - Completed initialization in 2 ms
2025-01-24 07:39:43 - New player added to waiting list. Supriya Sudeendra Welcome to Game of Three, wait for other player to connect...
2025-01-24 07:39:52 - Welcome message: Supriya Sudeendra
2025-01-24 07:39:52 - Welcome message: chandu
2025-01-24 07:39:52 - chandu joined the game and matched with Supriya Sudeendra
2025-01-24 07:39:52 - Player added to waiting game. Game started for player: d2822f7b-b069-4113-a817-32c69540b4f3
2025-01-24 07:40:35 - WebSocketSession[2 current WS(2)-HttpStream(0)-HttpPoll(0), 2 total, 0 closed abnormally (0 connect failure, 0 send limit, 0 transport error)], stompSubProtocol[processed CONNECT(2)-CONNECTED(2)-DISCONNECT(0)], stompBrokerRelay[null], inboundChannel[pool size = 16, active threads = 0, queued tasks = 0, completed tasks = 30], outboundChannel[pool size = 11, active threads = 0, queued tasks = 0, completed tasks = 11], sockJsScheduler[pool size = 8, active threads = 1, queued tasks = 3, completed tasks = 13]
2025-01-24 07:43:23 - Player move processed. Player: d2822f7b-b069-4113-a817-32c69540b4f3, Adjustment: 1
2025-01-24 07:45:48 - Player move processed. Player: fecb4342-0983-4ed7-9291-3652dbf26564, Adjustment: -1
2025-01-24 07:45:52 - Player move processed. Player: d2822f7b-b069-4113-a817-32c69540b4f3, Adjustment: 0
2025-01-24 07:45:57 - Supriya Sudeendra won
2025-01-24 07:45:57 - Supriya Sudeendra won
2025-01-24 07:45:57 - Player move processed. Player: fecb4342-0983-4ed7-9291-3652dbf26564, Adjustment: 1
2025-01-24 07:53:20 - Commencing graceful shutdown. Waiting for active requests to complete
2025-01-24 07:53:20 - Graceful shutdown complete
2025-01-24 07:53:20 - Stopping...
2025-01-24 07:53:20 - BrokerAvailabilityEvent[available=false, SimpleBrokerMessageHandler [org.springframework.messaging.simp.broker.DefaultSubscriptionRegistry@1b5623b4]]
2025-01-24 07:53:20 - Stopped.
2025-01-24 07:53:20 - Closing JPA EntityManagerFactory for persistence unit 'default'
2025-01-24 07:53:20 - HikariPool-1 - Shutdown initiated...
2025-01-24 07:53:20 - HikariPool-1 - Shutdown completed.
2025-01-24 07:53:26 - Starting GameofthreeApplication using Java 21.0.5 with PID 39887 (/Users/supriya/Downloads/JET/supriya/gameofthree/target/classes started by supriya in /Users/supriya/Downloads/JET/supriya/gameofthree)
2025-01-24 07:53:26 - No active profile set, falling back to 1 default profile: "default"
2025-01-24 07:53:27 - Bootstrapping Spring Data JPA repositories in DEFAULT mode.
2025-01-24 07:53:27 - Finished Spring Data repository scanning in 13 ms. Found 0 JPA repository interfaces.
2025-01-24 07:53:27 - Tomcat initialized with port 8080 (http)
2025-01-24 07:53:27 - Initializing ProtocolHandler ["http-nio-8080"]
2025-01-24 07:53:27 - Starting service [Tomcat]
2025-01-24 07:53:27 - Starting Servlet engine: [Apache Tomcat/10.1.34]
2025-01-24 07:53:27 - Initializing Spring embedded WebApplicationContext
2025-01-24 07:53:27 - Root WebApplicationContext: initialization completed in 907 ms
2025-01-24 07:53:27 - HikariPool-1 - Starting...
2025-01-24 07:53:28 - HikariPool-1 - Added connection conn0: url=jdbc:h2:mem:4a0221a0-05c4-4e00-bff8-03564d0e05ab user=SA
2025-01-24 07:53:28 - HikariPool-1 - Start completed.
2025-01-24 07:53:28 - HHH000204: Processing PersistenceUnitInfo [name: default]
2025-01-24 07:53:28 - HHH000412: Hibernate ORM core version 6.6.4.Final
2025-01-24 07:53:28 - HHH000026: Second-level cache disabled
2025-01-24 07:53:28 - No LoadTimeWeaver setup: ignoring JPA class transformer
2025-01-24 07:53:28 - HHH10001005: Database info:
	Database JDBC URL [Connecting through datasource 'HikariDataSource (HikariPool-1)']
	Database driver: undefined/unknown
	Database version: 2.3.232
	Autocommit mode: undefined/unknown
	Isolation level: undefined/unknown
	Minimum pool size: undefined/unknown
	Maximum pool size: undefined/unknown
2025-01-24 07:53:28 - HHH000489: No JTA platform available (set 'hibernate.transaction.jta.platform' to enable JTA platform integration)
2025-01-24 07:53:28 - Initialized JPA EntityManagerFactory for persistence unit 'default'
2025-01-24 07:53:28 - spring.jpa.open-in-view is enabled by default. Therefore, database queries may be performed during view rendering. Explicitly configure spring.jpa.open-in-view to disable this warning
2025-01-24 07:53:28 - Adding welcome page: class path resource [static/index.html]
2025-01-24 07:53:29 - Starting...
2025-01-24 07:53:29 - BrokerAvailabilityEvent[available=true, SimpleBrokerMessageHandler [org.springframework.messaging.simp.broker.DefaultSubscriptionRegistry@177302d6]]
2025-01-24 07:53:29 - Started.
2025-01-24 07:53:29 - Starting ProtocolHandler ["http-nio-8080"]
2025-01-24 07:53:29 - Tomcat started on port 8080 (http) with context path '/'
2025-01-24 07:53:29 - Started GameofthreeApplication in 2.715 seconds (process running for 3.048)
2025-01-24 07:53:46 - Initializing Spring DispatcherServlet 'dispatcherServlet'
2025-01-24 07:53:46 - Initializing Servlet 'dispatcherServlet'
2025-01-24 07:53:46 - Completed initialization in 1 ms
2025-01-24 07:53:48 - Supriya Sudeendra Joined to Game of Three, wait for other player to connect...
2025-01-24 07:53:53 - Welcome to Game Of Three: Supriya Sudeendra
2025-01-24 07:53:53 - Welcome to Game Of Three: chandu
2025-01-24 07:53:53 -  Supriya Sudeendra added number: 431, and resulting number after division: 431
2025-01-24 07:53:53 - chandu joined the game and matched with Supriya Sudeendra
2025-01-24 07:53:53 - Players added to waiting game. Game started
2025-01-24 07:54:05 -  chandu added number: 1, and resulting number after division: 144
2025-01-24 07:54:26 -  Supriya Sudeendra added number: 0, and resulting number after division: 48
2025-01-24 07:54:29 - WebSocketSession[2 current WS(2)-HttpStream(0)-HttpPoll(0), 2 total, 0 closed abnormally (0 connect failure, 0 send limit, 0 transport error)], stompSubProtocol[processed CONNECT(2)-CONNECTED(2)-DISCONNECT(0)], stompBrokerRelay[null], inboundChannel[pool size = 16, active threads = 0, queued tasks = 0, completed tasks = 51], outboundChannel[pool size = 16, active threads = 0, queued tasks = 0, completed tasks = 27], sockJsScheduler[pool size = 8, active threads = 1, queued tasks = 3, completed tasks = 9]
2025-01-24 07:54:34 -  chandu added number: 0, and resulting number after division: 16
2025-01-24 07:54:40 -  Supriya Sudeendra added number: -1, and resulting number after division: 5
2025-01-24 07:54:43 -  chandu added number: 1, and resulting number after division: 2
2025-01-24 07:54:50 -  Supriya Sudeendra added number: 1, and resulting number after division: 1
2025-01-24 07:54:50 - Supriya Sudeendra won
2025-01-24 07:54:50 - Supriya Sudeendra won
2025-01-24 07:58:27 - Commencing graceful shutdown. Waiting for active requests to complete
2025-01-24 07:58:27 - Graceful shutdown complete
2025-01-24 07:58:27 - Stopping...
2025-01-24 07:58:27 - BrokerAvailabilityEvent[available=false, SimpleBrokerMessageHandler [org.springframework.messaging.simp.broker.DefaultSubscriptionRegistry@177302d6]]
2025-01-24 07:58:27 - Stopped.
2025-01-24 07:58:27 - Closing JPA EntityManagerFactory for persistence unit 'default'
2025-01-24 07:58:27 - HikariPool-1 - Shutdown initiated...
2025-01-24 07:58:27 - HikariPool-1 - Shutdown completed.
